Copyright 1986-2022 Xilinx, Inc. All Rights Reserved. Copyright 2022-2023 Advanced Micro Devices, Inc. All Rights Reserved.
--------------------------------------------------------------------------------------------------------------------------------------------------------------------------------------------------------------------------------------------------------------------------------------------------------
| Tool Version : Vivado v.2023.2 (win64) Build 4029153 Fri Oct 13 20:14:34 MDT 2023
| Date         : Fri Jul 31 22:04:11 2026
| Host         : LAPTOP-B16PUBOD running 64-bit major release  (build 9200)
| Command      : report_timing -from [get_cells -quiet -hier -filter {NAME =~ *req_paddr_reg*}] -to [get_cells -quiet -hier -filter {NAME =~ *mshr_line_reg*}] -delay_type max -max_paths 20 -nworst 1 -file D:/frontend/myCPU-0801_impl75_alltimingfix_exp/reports_90m_ooc/target_req_to_mshr_line.rpt
| Design       : core_top
| Device       : 7a200t-fbg676
| Speed File   : -2  PRODUCTION 1.23 2018-06-13
| Design State : Synthesized
--------------------------------------------------------------------------------------------------------------------------------------------------------------------------------------------------------------------------------------------------------------------------------------------------------

Timing Report

No timing paths found.


